
======================================================================
IMMUNE RESPONSE & CYTOKINE NETWORK DEMONSTRATIONS
======================================================================

============================================================
DEMO 1: Inflammatory Cascade
============================================================

Baseline Cytokine Levels:
  TNF-α: 0.50 pg/mL
  IL-1β: 0.30 pg/mL
  IL-6:  0.40 pg/mL
  IL-10: 1.00 pg/mL
  TGF-β: 0.80 pg/mL

Applying inflammatory stimulus (magnitude = 10.0)...

Time (h)   TNF-α      IL-6       IL-10      Inflam Idx  
------------------------------------------------------------
0.0        0.50       0.40       1.00       0.43        
5.0        0.30       0.29       0.03       0.74        
10.0       0.30       0.28       0.03       0.74        
15.0       0.05       0.08       0.03       0.16        
20.0       0.05       0.08       0.03       0.16        
25.0       0.05       0.08       0.03       0.16        
30.0       0.05       0.08       0.03       0.16        
35.0       0.05       0.08       0.03       0.16        
40.0       0.05       0.08       0.03       0.16        
45.0       0.05       0.08       0.03       0.16        

============================================================
DEMO 2: Acute Phase Response
============================================================

Simulating acute phase response over 96 hours...
Time (h)   IL-6       CRP (mg/L)      SAA (mg/L)     
------------------------------------------------------------
0.0        0.40       0.5             0.2            
10.0       0.22       0.5             0.2            
20.0       0.11       0.5             0.2            
30.0       0.08       0.5             0.2            
40.0       0.08       0.5             0.2            
50.0       0.08       0.5             0.2            
60.0       0.08       0.5             0.2            
70.0       0.08       0.5             0.2            
80.0       0.08       0.5             0.2            
90.0       0.08       0.5             0.2            

============================================================
DEMO 3: Drug-Induced Inflammation
============================================================

Simulating drug with pro-inflammatory effects...

Drug Effect     Peak TNF-α      Peak IL-6       Inflam Index   
-----------------------------------------------------------------
0.0             0.41            0.37            0.16           
5.0             0.46            0.37            0.39           
10.0            0.55            0.37            0.63           
20.0            1.05            0.37            1.11           

============================================================
DEMO 4: Inflammation Resolution
============================================================

Three phases of inflammation:
  Phase 1 (0-6h):   Acute (high stimulus)
  Phase 2 (6-24h):  Declining (low stimulus)
  Phase 3 (24-48h): Resolution (no stimulus)

Time (h)   Phase           Pro-Inflam      Anti-Inflam     Ratio     
----------------------------------------------------------------------
0.0        Acute           1.63            1.44            1.13      
4.0        Acute           2.67            0.07            36.11     
8.0        Declining       0.49            0.05            9.63      
12.0       Declining       0.41            0.05            8.20      
16.0       Declining       0.41            0.05            8.19      
20.0       Declining       0.41            0.05            8.19      
24.0       Resolution      0.33            0.05            6.67      
28.0       Resolution      0.16            0.05            3.28      
32.0       Resolution      0.16            0.05            3.27      
36.0       Resolution      0.16            0.05            3.27      
40.0       Resolution      0.16            0.05            3.27      
44.0       Resolution      0.16            0.05            3.27      

======================================================================
ALL DEMONSTRATIONS COMPLETE
======================================================================

