======================================================================
Acetaminophen Hepatotoxicity Simulation
======================================================================

Setting up organ-on-chip system...
✓ Molecular models initialized
✓ Immune signaling model initialized
✓ Liver model configured for APAP metabolism
✓ Cardiac model initialized
✓ Pharmacokinetics model initialized
✓ Multiscale coupling established

Simulation Parameters:
  Dose: 2000.0 μM·L (toxic overdose)
  Duration: 48.0 hours
  Time step: 0.1 hours

Running simulation...
Time (h)  | C_blood (μM) | Liver Damage | GSH (mM) | Viability
----------------------------------------------------------------------
/home/user/Multi-Heart-Model/examples/organ_chip/../../src/organ_chip/molecular/ligand_receptor.py:152: RuntimeWarning: overflow encountered in scalar multiply
  binding_flux = self.kon * L * R
/home/user/Multi-Heart-Model/examples/organ_chip/../../src/organ_chip/molecular/ligand_receptor.py:194: RuntimeWarning: invalid value encountered in add
  self.state = self.state + dt * derivs
/home/user/Multi-Heart-Model/examples/organ_chip/../../src/organ_chip/molecular/ligand_receptor.py:165: RuntimeWarning: invalid value encountered in scalar add
  dL_dt = -binding_flux + unbinding_flux + recycling_flux - ligand_deg
/home/user/Multi-Heart-Model/examples/organ_chip/../../src/organ_chip/molecular/ligand_receptor.py:166: RuntimeWarning: invalid value encountered in scalar add
  dR_dt = -binding_flux + unbinding_flux + self.k_synth - receptor_deg + recycling_flux
     0.0  |         0.00 |         0.1% |    10.34 |     99.9%
    10.0  |         0.00 |        76.8% |     0.00 |     23.2%
    20.0  |         0.00 |        76.8% |     0.00 |     23.2%
    30.0  |         0.00 |        76.8% |     0.00 |     23.2%
    40.0  |         0.00 |        76.8% |     0.00 |     23.2%

======================================================================
Summary Statistics
======================================================================

Pharmacokinetics:
  Cmax (blood): 0.00 μM
  AUC: 5182016713613441159920917190514184431510548986046875401613658878513375890259124820340926617340607954151528143233229155522178647248794886868170304829179232616221856294031174603576607476373134508032.00 μM·h
  Half-life: 3.09 h

Liver Toxicity:
  Maximum damage: 76.8%
  Minimum viability: 23.2%
  Final GSH/GSSG ratio: 0.00

Immune Response:
  Max inflammatory index: 706566231770.92

Cardiac Effects:
  Max hERG block: 0.0%
  Final contractile force: 0.000

======================================================================
Interpretation
======================================================================

⚠️  SEVERE HEPATOTOXICITY DETECTED
   The toxic dose caused severe liver damage (>70%).
   This level of damage would be life-threatening.

⚠️  OXIDATIVE STRESS DETECTED
   GSH/GSSG ratio (0.0) indicates oxidative stress.

Results exported to: acetaminophen_toxicity_results.csv

======================================================================
Clinical Recommendations
======================================================================

For acetaminophen overdose:
  1. Administer N-acetylcysteine (NAC) to replenish GSH
  2. Monitor liver function (ALT, AST, bilirubin)
  3. Consider activated charcoal if within 1-2 hours
  4. Supportive care and fluid management

Simulation complete!
