
======================================================================
LIGAND-RECEPTOR BINDING DEMONSTRATIONS
======================================================================

============================================================
DEMO 1: Basic Ligand-Receptor Binding
============================================================

Binding Parameters:
  Kd = 0.10 nM
  Affinity = 10.0000 nM⁻¹
  Total Receptors = 100.0 nM

Simulating binding with [50.0 nM] ligand...
  t=0.0s: Occupancy = 0.0%, LR = 50.00 nM
  t=20.0s: Occupancy = 52.8%, LR = 48.90 nM
  t=40.0s: Occupancy = 55.5%, LR = 47.91 nM
  t=60.0s: Occupancy = 57.9%, LR = 46.95 nM
  t=80.0s: Occupancy = 60.0%, LR = 46.00 nM

Steady State:
  Occupancy = 90.7%
  Free Receptors = 0.20 nM
  Bound Complex = 99.80 nM

============================================================
DEMO 2: Competitive Inhibition
============================================================

Native Ligand Kd = 0.050 nM
Drug Kd = 1.000 nM

Competition at fixed ligand [0.1 nM]:
Drug [nM]    Drug Occ     Ligand Occ  
----------------------------------------
0.0          0.0%         66.7%       
0.5          14.3%        57.1%       
1.0          25.0%        50.0%       
5.0          62.5%        25.0%       
10.0         76.9%        15.4%       

============================================================
DEMO 3: Receptor Desensitization & Trafficking
============================================================

Receptor Dynamics Parameters:
  Desensitization rate = 0.020 /s
  Resensitization rate = 0.005 /s
  Recycling rate = 0.010 /s

Simulating with [20.0 nM] ligand...
Time (s)   Active R     Desens R     Intern R     LR          
------------------------------------------------------------
0.0        100.00       0.00         0.00         0.00        
20.0       0.00         46.40        22.08        92.08       
40.0       0.00         56.25        25.16        42.36       
60.0       0.00         52.94        22.21        26.24       
80.0       0.00         46.79        18.47        18.98       

============================================================
DEMO 4: Dose-Response Curve
============================================================

Receptor Kd = 1.00 nM

[Ligand] nM     Occupancy %     EC50 Ratio     
--------------------------------------------------
0.01            1.0             0.01           
0.10            9.0             0.10           
0.50            32.3            0.50           
1.00            47.6            1.00           
2.00            62.5            2.00           
5.00            76.9            5.00           
10.00           83.3            10.00          
50.00           89.3            50.00          
100.00          90.1            100.00         

Note: At [L] = Kd, occupancy should be ~50%

======================================================================
ALL DEMONSTRATIONS COMPLETE
======================================================================

