
======================================================================
  PRIMAL LOGIC PROCESSOR + MOTORHANDPRO INTEGRATION DEMO
  Lightfoot Technology - Advanced Control Systems
  Author: Donte Lightfoot
======================================================================

======================================================================
  Emergency Braking Simulation
======================================================================

Primal Logic Processor Configuration:
  - Integral Processing Units: 8
  - Control Gain (K): 0.5
  - Decay Rate (λ): 2.0
  - Processing Latency: 50.0μs

Simulating emergency braking...
  Initial velocity: 30.0 m/s (~67 mph)
  Target velocity: 0.0 m/s (full stop)
  Duration: 10.0 seconds

Results:
  Final velocity: 0.00 m/s
  Max control output: 4.13
  Average comfort index: 100.0/100
  Total timesteps: 1000

✓ Data exported to: emergency_braking_output.csv

======================================================================
  MotorHandPro Integration
======================================================================

Integration Components:
  ✓ Primal Logic Processor initialized
  ✓ MotorHandPro QUANT interface initialized
  ✓ Integration bridge configured

Running closed-loop control simulation...
  Control Loop: Primal Logic → QUANT → Motor → Feedback

Integration Results:
  Final state: 0.00
  Final throttle: 102/255
  Average comfort: 100.0/100
  Control cycles: 1000

✓ Integration data exported to: integration_output.csv
✓ Arduino interface generated: /home/user/Multi-Heart-Model/examples/../src/integration/../../primal_motorhand_interface.ino

======================================================================
  Performance Comparison: Primal Logic vs Traditional
======================================================================

1. Running Primal Logic control...
2. Running traditional proportional control...

----------------------------------------------------------------------
Metric                             Traditional    Primal Logic Improvement
----------------------------------------------------------------------
RMS Jerk                                 2.243           2.318 ↓     -3.3%
Smoothness                               0.059           0.514 ↑    775.0%
Peak Control                            10.000           4.130 ↓     58.7%
/home/user/Multi-Heart-Model/examples/microprocessor_motorhand_demo.py:172: RuntimeWarning: divide by zero encountered in scalar divide
  improvement = (primal_val - trad_val) / trad_val * 100
Comfort Index                            0.000          30.163 ↑      inf%
----------------------------------------------------------------------

======================================================================
  Hardware Specifications
======================================================================

Primal Logic Processor Architecture:
  • Integral Processing Units: 8
  • Memory Banks: 16
  • Multiply-Accumulate Units: 32
  • Floating-Point Units: 4
  • I/O Channels: 64
  • Safety Cores: 2

Physical Characteristics:
  • Die Area: 180 mm²
  • Power Consumption: 25 W
  • Processing Latency: 50.0 μs

Target Manufacturing:
  • Process: SkyWater 90nm Mixed-Signal
  • Package: BGA-484 or QFN-128
  • Temperature Range: -40°C to +125°C
  • Certification: ISO 26262 ASIL-D

Market Positioning:
  • Target Price: $160,000
  • Volume: 100-500 units/year
  • Market: Defense/Aerospace
  • Export: ITAR/EAR Compliant

======================================================================
  Generating Visualizations
======================================================================

✓ Visualization saved to: integration_visualization.png

======================================================================
  Integration Demo Complete
======================================================================

✓ All systems operational
✓ Integration validated
✓ Performance verified

Key Achievements:
/home/user/Multi-Heart-Model/examples/microprocessor_motorhand_demo.py:298: RuntimeWarning: divide by zero encountered in scalar divide
  print(f"  • {primal_metrics['comfort_index']/trad_metrics['comfort_index']*100 - 100:.1f}% comfort improvement")
  • inf% comfort improvement
  • -3.3% jerk reduction
  • 50μs real-time control latency
  • Bounded control outputs (no spikes)

Output Files Generated:
  - emergency_braking_output.csv
  - integration_output.csv
  - primal_motorhand_interface.ino
  - integration_visualization.png (if matplotlib available)

Ready for hardware deployment!
======================================================================

